=== Loading real Delhi NCR data (Aug 12, 2024: normal weekday) ===
Full graph 18916 nodes / 24938 edges; demo subgraph 455 / 588
=== 1. Convergence on the demo instance (9am) ===
single-run (seed 1): QPSO=8612, QPSO + quantum-walk init bias=8579, PSO (same infra, tuned)=8579, GA + local search=8588, GA (plain)=9380, ACO=8869, TunedLS=9837
=== 2. Festival-day test: plan built on Aug 12 evaluated on Rakshabandhan (Aug 19) ===
  hour 9: stale-plan penalty on festival day = 7.2% ; festival-day optimum vs normal-day optimum = +59.2%
  hour 18: stale-plan penalty on festival day = 9.5% ; festival-day optimum vs normal-day optimum = -8.2%
=== 3. Disruption recovery (5 seeds): 25% of links slow x3 at iteration 40 ===
  final mean cost: with recovery 8992 vs without 8883 (recovery better in 2/5 seeds)
=== 4. Scalability: flat vs hierarchical QPSO ===
  n=12: flat 2.0s fit 3531 | hierarchical(2 zones) 0.8s fit 3656
  n=24: flat 3.9s fit 8588 | hierarchical(2 zones) 2.8s fit 8931
  n=48: flat 8.4s fit 8231 | hierarchical(4 zones) 4.7s fit 9873
  n=72: flat 12.1s fit 16003 | hierarchical(7 zones) 6.9s fit 17111
=== 5. Multi-objective Pareto sweep ===
  6 non-dominated of 12 candidates (4 metrics)
=== 6. Diverse plan archive and road-closure fallback ===
  8 archive cells | after closure: incumbent 12758, best archived plan 9468 (instant), full re-optimisation 8935 (4.7s)
=== 7. Fixed 9am plan vs re-optimising at each departure hour ===
  mean regret of never re-routing: 12.8%
=== 8. HELD-OUT benchmark (instances + seeds different from tuning) ===
  Delhi-9am-s7: QPSO=5398, PSO(same infra, tuned)=5398, QPSO-Basic(first pass)=7937, GA+LS(memetic)=5425, GA(plain)=6169, ACO=5979, TunedLS(HGS-inspired)=7069, OR-Tools(GLS,5s)=5417
  Delhi-6pm-s11: QPSO=9827, PSO(same infra, tuned)=9827, QPSO-Basic(first pass)=15540, GA+LS(memetic)=9827, GA(plain)=12173, ACO=11433, TunedLS(HGS-inspired)=14552, OR-Tools(GLS,5s)=9785
  C1-synthetic: QPSO=30152, PSO(same infra, tuned)=30068, QPSO-Basic(first pass)=76671, GA+LS(memetic)=30064, GA(plain)=38011, ACO=60614, TunedLS(HGS-inspired)=37347, OR-Tools(GLS,5s)=29615
  C2-synthetic: QPSO=52033, PSO(same infra, tuned)=52080, QPSO-Basic(first pass)=139738, GA+LS(memetic)=52034, GA(plain)=62903, ACO=82466, TunedLS(HGS-inspired)=118486, OR-Tools(GLS,5s)=52041
  R1-synthetic: QPSO=69096, PSO(same infra, tuned)=69184, QPSO-Basic(first pass)=153913, GA+LS(memetic)=69148, GA(plain)=77873, ACO=116527, TunedLS(HGS-inspired)=101949, OR-Tools(GLS,5s)=68985
  R2-synthetic: QPSO=76403, PSO(same infra, tuned)=76244, QPSO-Basic(first pass)=180100, GA+LS(memetic)=76405, GA(plain)=94842, ACO=153735, TunedLS(HGS-inspired)=97818, OR-Tools(GLS,5s)=76244
  RC1-synthetic: QPSO=61103, PSO(same infra, tuned)=62328, QPSO-Basic(first pass)=146026, GA+LS(memetic)=60911, GA(plain)=81264, ACO=108493, TunedLS(HGS-inspired)=84374, OR-Tools(GLS,5s)=60911
  RC2-synthetic: QPSO=66638, PSO(same infra, tuned)=67221, QPSO-Basic(first pass)=154602, GA+LS(memetic)=66118, GA(plain)=80275, ACO=120102, TunedLS(HGS-inspired)=95148, OR-Tools(GLS,5s)=64913
  QPSO vs PSO(same infra, tuned): mean improvement +0.5%  wins 31% of 32  p=0.2012
  QPSO vs QPSO-Basic(first pass): mean improvement +57.6%  wins 100% of 32  p=0.0000
  QPSO vs GA+LS(memetic): mean improvement -0.2%  wins 31% of 32  p=0.5663
  QPSO vs GA(plain): mean improvement +18.3%  wins 100% of 32  p=0.0000
  QPSO vs ACO: mean improvement +43.8%  wins 100% of 32  p=0.0000
  QPSO vs TunedLS(HGS-inspired): mean improvement +33.4%  wins 100% of 32  p=0.0000
  ABLATION (identical infrastructure, only update rule differs): QPSO better in 10/32, mean +0.46%, p=0.2012
=== DONE in 673s ===
