done Delhi-Aug12-12pm-s31
done Delhi-Aug19fest-9am-s23
done C1-synthetic
done C2-synthetic
done R1-synthetic
done R2-synthetic
done RC1-synthetic
done RC2-synthetic

MEAN COST per NEW instance, 6 fresh seeds (lower = better)
algorithm        Delhi-Aug12-12 Delhi-Aug19fes   C1-synthetic   C2-synthetic   R1-synthetic   R2-synthetic  RC1-synthetic  RC2-synthetic   meanGap%
QPSO (frozen)             15378          15189          39020          55430          84672          80910          66027          68870      8.7
QPSO+WB                   14910          14979          36000          52017          81713          70836          64122          65134      2.7
PSO (frozen)              15637          15196          38884          55421          86981          78186          66324          69391      8.9
PSO+WB                    15149          14990          36106          53754          84910          74323          65231          67660      5.3
GA+LS (memetic)           15078          15011          36517          52445          81557          71403          63904          65969      3.4
GA (plain)                16930          15790          42882          60606          93445          85118          69937          75973     17.5
ACO                       15208          16018          53824         130691         118799         132028         101537         113628     64.0
TunedLS                   15642          17064          41103          72883         133864         108058          70264          79718     31.4
OR-Tools                  14828          14815          35268          50086          78079          67674          62277          63956      0.0

PRE-REGISTERED TESTS (48 pairs; mean = % improvement of first over second, positive = first better)
  H1 QPSO+WB vs QPSO(frozen)             wins 46/48  mean  +5.25%  p=0.0000  Holm-p=0.0000
  H2 PSO+WB vs PSO(frozen)               wins 41/48  mean  +3.18%  p=0.0000  Holm-p=0.0000
  H3 QPSO+WB vs PSO+WB (same infra)      wins 35/48  mean  +2.28%  p=0.0001  Holm-p=0.0002
  H4 QPSO+WB vs memetic GA               wins 28/48  mean  +0.54%  p=0.2566  Holm-p=0.2566

DESCRIPTIVE (not pre-registered): QPSO+WB vs the other baselines
  vs GA (plain)       wins 48/48  mean  +12.21%  p=0.00000
  vs ACO              wins 46/48  mean  +32.19%  p=0.00000
  vs TunedLS          wins 48/48  mean  +19.80%  p=0.00000
  vs QPSO (frozen)    wins 46/48  mean   +5.25%  p=0.00000

QPSO+WB gap to OR-Tools per instance: Delhi-Aug12 +0.5%, Delhi-Aug19 +1.1%, C1-syntheti +2.1%, C2-syntheti +3.9%, R1-syntheti +4.7%, R2-syntheti +4.7%, RC1-synthet +3.0%, RC2-synthet +1.8%  | mean +2.7%
